[2026-08-28 15:40:41] === 開始抓取（41 檔）===
[2026-08-28 15:40:46] ✅ 估值 38 檔（資料日 2026-08-27）
[2026-08-28 15:40:47] ✅ 月營收 38 檔（2026-07）
[2026-08-28 15:40:47] === 抓取完成 ===
[2026-08-28 15:40:56] === 開始抓取（41 檔）===
[2026-08-28 15:40:57] ✅ 估值 38 檔（資料日 2026-08-27）
[2026-08-28 15:40:57] ✅ 月營收 38 檔（2026-07）
[2026-08-28 15:41:49] ✅ 新聞 36/36 檔有結果
[2026-08-28 15:41:49] === 抓取完成 ===
[2026-08-28 15:52:45] ⚠️  第 1/3 次失敗：https://openapi.twse.com.tw/v1/this-endpoint-does-not-exist — 404 Client Error: Not Found for url: https://openapi.twse.com.tw/v1/this-endpoint-does-not-exist
[2026-08-28 15:52:47] ⚠️  第 2/3 次失敗：https://openapi.twse.com.tw/v1/this-endpoint-does-not-exist — 404 Client Error: Not Found for url: https://openapi.twse.com.tw/v1/this-endpoint-does-not-exist
[2026-08-28 15:52:48] ⚠️  第 3/3 次失敗：https://openapi.twse.com.tw/v1/this-endpoint-does-not-exist — 404 Client Error: Not Found for url: https://openapi.twse.com.tw/v1/this-endpoint-does-not-exist
[2026-08-30 23:09:06] === 開始抓取（41 檔）===
[2026-08-30 23:09:10] ✅ 估值 38 檔（資料日 2026-08-28）
[2026-08-30 23:09:10] ⚠️  第 1/3 次失敗：https://www.tpex.org.tw/openapi/v1/mopsfin_t187ap05_O — HTTPSConnectionPool(host='www.tpex.org.tw', port=443): Max retries exceeded with url: /openapi/v1/mopsfin_t187ap05_O (Caused by SSLError(SSLCertVerificationError(1, '[SSL: CERTIFICATE_VERIFY_FAILED] certificate verify failed: Missing Subject Key Identifier (_ssl.c:1081)')))
[2026-08-30 23:09:15] ⚠️  第 2/3 次失敗：https://www.tpex.org.tw/openapi/v1/mopsfin_t187ap05_O — HTTPSConnectionPool(host='www.tpex.org.tw', port=443): Max retries exceeded with url: /openapi/v1/mopsfin_t187ap05_O (Caused by SSLError(SSLCertVerificationError(1, '[SSL: CERTIFICATE_VERIFY_FAILED] certificate verify failed: Missing Subject Key Identifier (_ssl.c:1081)')))
[2026-08-30 23:09:21] ⚠️  第 3/3 次失敗：https://www.tpex.org.tw/openapi/v1/mopsfin_t187ap05_O — HTTPSConnectionPool(host='www.tpex.org.tw', port=443): Max retries exceeded with url: /openapi/v1/mopsfin_t187ap05_O (Caused by SSLError(SSLCertVerificationError(1, '[SSL: CERTIFICATE_VERIFY_FAILED] certificate verify failed: Missing Subject Key Identifier (_ssl.c:1081)')))
[2026-08-30 23:09:21] ❌ 抓取中止：https://www.tpex.org.tw/openapi/v1/mopsfin_t187ap05_O 重試 3 次仍失敗：HTTPSConnectionPool(host='www.tpex.org.tw', port=443): Max retries exceeded with url: /openapi/v1/mopsfin_t187ap05_O (Caused by SSLError(SSLCertVerificationError(1, '[SSL: CERTIFICATE_VERIFY_FAILED] certificate verify failed: Missing Subject Key Identifier (_ssl.c:1081)')))
[2026-08-30 23:10:01] === 開始抓取（41 檔）===
[2026-08-30 23:10:02] ℹ️  https://www.tpex.org.tw/openapi/v1/tpex_mainboard_peratio_analysis 憑證驗證失敗，改用 curl 備援
[2026-08-30 23:10:02] ✅ 估值 38 檔（資料日 2026-08-28）
[2026-08-30 23:10:04] ✅ 月營收 38 檔（2026-07）
[2026-08-30 23:10:05] ℹ️  https://www.tpex.org.tw/openapi/v1/mopsfin_187ap17_O 憑證驗證失敗，改用 curl 備援
[2026-08-30 23:10:06] ✅ 毛利率 37 檔（2026Q2）
[2026-08-30 23:10:06] === 抓取完成 ===
[2026-08-30 23:16:25] === 開始抓取（41 檔）===
[2026-08-30 23:16:34] ⚠️  第 1/3 次失敗：https://www.tpex.org.tw/openapi/v1/tpex_mainboard_peratio_analysis — 520 Server Error: <none> for url: https://www.tpex.org.tw/openapi/v1/tpex_mainboard_peratio_analysis
[2026-08-30 23:16:39] ✅ 估值 38 檔（資料日 2026-08-28）
[2026-08-30 23:16:41] ✅ 月營收 38 檔（2026-07）
[2026-08-30 23:16:42] ✅ 毛利率 37 檔（2026Q2）
[2026-08-30 23:17:45] ✅ 新聞 36/36 檔有結果
[2026-08-30 23:17:45] === 抓取完成 ===
[2026-08-31 00:23:17] === 開機檢查開始 ===
[2026-08-31 00:23:22] ✅ 網路正常｜已是最新
[2026-08-31 00:23:22] ✅ 沒有待處理項目，不打擾
[2026-08-31 00:24:24] === 開機檢查開始 ===
[2026-08-31 00:24:24] === 開始抓取（41 檔）===
[2026-08-31 00:24:28] ✅ 網路正常｜已是最新
[2026-08-31 00:24:28] ✅ 沒有待處理項目，不打擾
[2026-08-31 00:24:29] ✅ 估值 38 檔（資料日 2026-08-28）
[2026-08-31 00:24:31] ℹ️  https://www.tpex.org.tw/openapi/v1/mopsfin_t187ap05_O 憑證驗證失敗，改用 curl 備援
[2026-08-31 00:24:35] ✅ 月營收 38 檔（2026-07）
[2026-08-31 00:24:36] ℹ️  https://www.tpex.org.tw/openapi/v1/mopsfin_187ap17_O 憑證驗證失敗，改用 curl 備援
[2026-08-31 00:24:40] ✅ 毛利率 37 檔（2026Q2）
[2026-08-31 00:25:35] ✅ 新聞 36/36 檔有結果
[2026-08-31 00:25:35] === 抓取完成 ===
[2026-08-31 02:01:41] === 開始抓取（41 檔）===
[2026-08-31 02:01:44] ℹ️  https://www.tpex.org.tw/openapi/v1/tpex_mainboard_peratio_analysis 憑證驗證失敗，改用 curl 備援
[2026-08-31 02:01:44] ✅ 估值 38 檔（資料日 2026-08-28）
[2026-08-31 02:01:45] ✅ 月營收 38 檔（2026-07）
[2026-08-31 02:01:45] ✅ 毛利率 37 檔（2026Q2）
[2026-08-31 02:02:36] ✅ 新聞 36/36 檔有結果
[2026-08-31 02:02:36] === 抓取完成 ===
[2026-08-31 11:14:18] 收到指令：.keep
[2026-08-31 11:14:19] 收到指令：補齊
[2026-08-31 11:14:39] 收到指令：健檢
[2026-08-31 11:14:42] 收到指令：亂打
[2026-08-31 11:44:16] ⚠️ git pull 失敗，仍檢查本機指令：fatal: unable to access 'https://github.com/darcon25/knowledgebase-transfer/': C
[2026-08-31 13:00:51] ⚠️ git pull 失敗，仍檢查本機指令：fatal: unable to access 'https://github.com/darcon25/knowledgebase-transfer/': C
[2026-08-31 15:37:03] ⚠️ git pull 失敗，仍檢查本機指令：fatal: unable to access 'https://github.com/darcon25/knowledgebase-transfer/': C
[2026-08-31 18:34:25] === 開始抓取（41 檔）===
[2026-08-31 18:34:25] ⚠️  第 1/3 次失敗：https://openapi.twse.com.tw/v1/exchangeReport/BWIBBU_ALL — HTTPSConnectionPool(host='openapi.twse.com.tw', port=443): Max retries exceeded with url: /v1/exchangeReport/BWIBBU_ALL (Caused by NameResolutionError("HTTPSConnection(host='openapi.twse.com.tw', port=443): Failed to resolve 'openapi.twse.com.tw' ([Errno 8] nodename nor servname provided, or not known)"))
[2026-08-31 18:35:15] ⚠️  第 2/3 次失敗：https://openapi.twse.com.tw/v1/exchangeReport/BWIBBU_ALL — HTTPSConnectionPool(host='openapi.twse.com.tw', port=443): Max retries exceeded with url: /v1/exchangeReport/BWIBBU_ALL (Caused by NameResolutionError("HTTPSConnection(host='openapi.twse.com.tw', port=443): Failed to resolve 'openapi.twse.com.tw' ([Errno 8] nodename nor servname provided, or not known)"))
[2026-08-31 18:35:28] ✅ 估值 38 檔（資料日 2026-08-28）
[2026-08-31 18:35:29] ℹ️  https://www.tpex.org.tw/openapi/v1/mopsfin_t187ap05_O 憑證驗證失敗，改用 curl 備援
[2026-08-31 18:51:22] ⚠️  第 1/3 次失敗（curl 備援也失敗）：curl 失敗：curl: (28) Operation timed out after 953124 milliseconds with 48762 out of 494726 bytes received
[2026-08-31 18:51:30] ✅ 月營收 38 檔（2026-07）
[2026-08-31 18:51:32] ℹ️  https://www.tpex.org.tw/openapi/v1/mopsfin_187ap17_O 憑證驗證失敗，改用 curl 備援
[2026-08-31 18:51:32] ✅ 毛利率 37 檔（2026Q2）
[2026-08-31 19:07:22] ⚠️  第 1/3 次失敗：https://news.google.com/rss/search?q=%E8%8F%AF%E9%80%9A%202313&hl=zh-TW&gl=TW&ceid=TW:zh-Hant — HTTPSConnectionPool(host='news.google.com', port=443): Read timed out. (read timeout=30)
[2026-08-31 20:20:50] ⚠️  第 1/3 次失敗：https://news.google.com/rss/search?q=%E5%8F%B0%E7%A9%8D%E9%9B%BB%202330&hl=zh-TW&gl=TW&ceid=TW:zh-Hant — HTTPSConnectionPool(host='news.google.com', port=443): Max retries exceeded with url: /rss/search?q=%E5%8F%B0%E7%A9%8D%E9%9B%BB%202330&hl=zh-TW&gl=TW&ceid=TW:zh-Hant (Caused by NewConnectionError("HTTPSConnection(host='news.google.com', port=443): Failed to establish a new connection: [Errno 51] Network is unreachable"))
[2026-08-31 20:21:02] ✅ 新聞 36/36 檔有結果
[2026-08-31 20:21:02] === 抓取完成 ===
[2026-09-01 00:32:13] ⚠️ git pull 失敗，仍檢查本機指令：From https://github.com/darcon25/knowledgebase-transfer
 * branch            mai
[2026-09-01 08:07:42] ⚠️ git pull 失敗，仍檢查本機指令：fatal: unable to access 'https://github.com/darcon25/knowledgebase-transfer/': C
[2026-09-01 10:44:51] ⚠️ git pull 失敗，仍檢查本機指令：fatal: unable to access 'https://github.com/darcon25/knowledgebase-transfer/': C
[2026-09-01 12:51:19] ⚠️ git pull 失敗，仍檢查本機指令：fatal: unable to access 'https://github.com/darcon25/knowledgebase-transfer/': C
[2026-09-01 14:17:33] ⚠️ git pull 失敗，仍檢查本機指令：From https://github.com/darcon25/knowledgebase-transfer
 * branch            mai
[2026-09-01 17:12:09] ⚠️ git pull 失敗，仍檢查本機指令：From https://github.com/darcon25/knowledgebase-transfer
 * branch            mai
[2026-09-01 17:58:30] ⚠️ git pull 失敗，仍檢查本機指令：From https://github.com/darcon25/knowledgebase-transfer
 * branch            mai
[2026-09-01 18:30:00] === 開始抓取（41 檔）===
[2026-09-01 18:30:03] ℹ️  https://www.tpex.org.tw/openapi/v1/tpex_mainboard_peratio_analysis 憑證驗證失敗，改用 curl 備援
[2026-09-01 18:30:03] ✅ 估值 38 檔（資料日 2026-08-31）
[2026-09-01 18:30:05] ℹ️  https://www.tpex.org.tw/openapi/v1/mopsfin_t187ap05_O 憑證驗證失敗，改用 curl 備援
[2026-09-01 18:30:05] ✅ 月營收 38 檔（2026-07）
[2026-09-01 18:30:09] ℹ️  https://www.tpex.org.tw/openapi/v1/mopsfin_187ap17_O 憑證驗證失敗，改用 curl 備援
[2026-09-01 18:30:09] ✅ 毛利率 37 檔（2026Q2）
[2026-09-01 18:31:01] ✅ 新聞 36/36 檔有結果
[2026-09-01 18:31:01] === 抓取完成 ===
[2026-09-02 08:36:06] ⚠️ git pull 失敗，仍檢查本機指令：fatal: unable to access 'https://github.com/darcon25/knowledgebase-transfer/': C
[2026-09-02 11:53:56] ⚠️ git pull 失敗，仍檢查本機指令：fatal: unable to access 'https://github.com/darcon25/knowledgebase-transfer/': C
[2026-09-02 14:00:01] ⚠️ git pull 失敗，仍檢查本機指令：fatal: unable to access 'https://github.com/darcon25/knowledgebase-transfer/': C
[2026-09-02 15:25:33] ⚠️ git pull 失敗，仍檢查本機指令：fatal: unable to access 'https://github.com/darcon25/knowledgebase-transfer/': C
[2026-09-02 15:30:34] ⚠️ git pull 失敗，仍檢查本機指令：fatal: unable to access 'https://github.com/darcon25/knowledgebase-transfer/': C
[2026-09-02 18:30:04] === 開始抓取（41 檔）===
[2026-09-02 18:30:10] ✅ 估值 38 檔（資料日 2026-09-01）
[2026-09-02 18:30:12] ℹ️  https://www.tpex.org.tw/openapi/v1/mopsfin_t187ap05_O 憑證驗證失敗，改用 curl 備援
[2026-09-02 18:30:13] ✅ 月營收 38 檔（2026-07）
[2026-09-02 18:30:14] ℹ️  https://www.tpex.org.tw/openapi/v1/mopsfin_187ap17_O 憑證驗證失敗，改用 curl 備援
[2026-09-02 18:30:14] ✅ 毛利率 37 檔（2026Q2）
[2026-09-02 18:46:19] ⚠️  第 1/3 次失敗：https://news.google.com/rss/search?q=%E5%AF%8C%E5%96%AC%201815&hl=zh-TW&gl=TW&ceid=TW:zh-Hant — HTTPSConnectionPool(host='news.google.com', port=443): Read timed out. (read timeout=30)
[2026-09-02 18:47:19] ✅ 新聞 36/36 檔有結果
[2026-09-02 18:47:19] === 抓取完成 ===
[2026-09-03 18:30:04] === 開始抓取（41 檔）===
[2026-09-03 18:30:06] ✅ 估值 38 檔（資料日 2026-09-02）
[2026-09-03 18:30:07] ✅ 月營收 38 檔（2026-07）
[2026-09-03 18:30:09] ✅ 毛利率 37 檔（2026Q2）
[2026-09-03 18:31:07] ✅ 新聞 36/36 檔有結果
[2026-09-03 18:31:07] === 抓取完成 ===
[2026-09-03 21:15:25] ⚠️ git pull 失敗，仍檢查本機指令：fatal: 'origin' does not appear to be a git repository
fatal: Could not read fro
[2026-09-03 21:25:26] ⚠️ git pull 失敗，仍檢查本機指令：fatal: 'origin' does not appear to be a git repository
fatal: Could not read fro
[2026-09-04 11:28:39] ⚠️ git pull 失敗，仍檢查本機指令：fatal: unable to access 'https://github.com/darcon25/knowledgebase-transfer/': C
[2026-09-04 14:03:25] ⚠️ git pull 失敗，仍檢查本機指令：fatal: unable to access 'https://github.com/darcon25/knowledgebase-transfer/': C
[2026-09-04 18:41:09] === 開始抓取（41 檔）===
[2026-09-04 18:56:31] ⚠️  第 1/3 次失敗：https://openapi.twse.com.tw/v1/exchangeReport/BWIBBU_ALL — HTTPSConnectionPool(host='openapi.twse.com.tw', port=443): Max retries exceeded with url: /v1/exchangeReport/BWIBBU_ALL (Caused by NameResolutionError("HTTPSConnection(host='openapi.twse.com.tw', port=443): Failed to resolve 'openapi.twse.com.tw' ([Errno 8] nodename nor servname provided, or not known)"))
[2026-09-04 19:08:32] ✅ 估值 38 檔（資料日 2026-09-03）
[2026-09-04 19:25:47] ⚠️  第 1/3 次失敗：https://www.tpex.org.tw/openapi/v1/mopsfin_t187ap05_O — ('Connection aborted.', ConnectionResetError(54, 'Connection reset by peer'))
[2026-09-04 19:25:56] ✅ 月營收 38 檔（2026-07）
[2026-09-04 19:25:57] ✅ 毛利率 37 檔（2026Q2）
[2026-09-04 19:26:54] ✅ 新聞 36/36 檔有結果
[2026-09-04 19:26:54] === 抓取完成 ===
[2026-09-05 18:33:57] === 開始抓取（41 檔）===
[2026-09-05 18:50:18] ⚠️  第 1/3 次失敗：https://openapi.twse.com.tw/v1/exchangeReport/BWIBBU_ALL — HTTPSConnectionPool(host='openapi.twse.com.tw', port=443): Max retries exceeded with url: /v1/exchangeReport/BWIBBU_ALL (Caused by NameResolutionError("HTTPSConnection(host='openapi.twse.com.tw', port=443): Failed to resolve 'openapi.twse.com.tw' ([Errno 8] nodename nor servname provided, or not known)"))
[2026-09-05 19:06:00] ℹ️  https://www.tpex.org.tw/openapi/v1/tpex_mainboard_peratio_analysis 憑證驗證失敗，改用 curl 備援
[2026-09-05 19:06:02] ✅ 估值 38 檔（資料日 2026-09-04）
[2026-09-05 19:34:11] ⚠️  第 1/3 次失敗：https://openapi.twse.com.tw/v1/opendata/t187ap05_L — ("Connection broken: ConnectionResetError(54, 'Connection reset by peer')", ConnectionResetError(54, 'Connection reset by peer'))
[2026-09-05 19:34:24] ℹ️  https://www.tpex.org.tw/openapi/v1/mopsfin_t187ap05_O 憑證驗證失敗，改用 curl 備援
[2026-09-05 19:34:26] ✅ 月營收 38 檔（2026-07）
[2026-09-05 19:34:27] ℹ️  https://www.tpex.org.tw/openapi/v1/mopsfin_187ap17_O 憑證驗證失敗，改用 curl 備援
[2026-09-05 19:34:29] ✅ 毛利率 37 檔（2026Q2）
[2026-09-05 19:52:19] ⚠️  第 1/3 次失敗：https://news.google.com/rss/search?q=%E5%8D%97%E4%BA%9E%201303&hl=zh-TW&gl=TW&ceid=TW:zh-Hant — ('Connection aborted.', ConnectionResetError(54, 'Connection reset by peer'))
[2026-09-05 19:53:27] ✅ 新聞 36/36 檔有結果
[2026-09-05 19:53:27] === 抓取完成 ===
[2026-09-05 21:37:43] ⚠️ git pull 失敗，仍檢查本機指令：fatal: unable to access 'https://github.com/darcon25/knowledgebase-transfer/': R
[2026-09-06 00:22:53] ⚠️ git pull 失敗，仍檢查本機指令：fatal: unable to access 'https://github.com/darcon25/knowledgebase-transfer/': R
[2026-09-06 10:33:31] ⚠️ git pull 失敗，仍檢查本機指令：fatal: unable to access 'https://github.com/darcon25/knowledgebase-transfer/': R
[2026-09-06 18:30:00] === 開始抓取（41 檔）===
[2026-09-06 18:30:02] ℹ️  https://www.tpex.org.tw/openapi/v1/tpex_mainboard_peratio_analysis 憑證驗證失敗，改用 curl 備援
[2026-09-06 18:30:03] ✅ 估值 38 檔（資料日 2026-09-04）
[2026-09-06 18:30:04] ℹ️  https://www.tpex.org.tw/openapi/v1/mopsfin_t187ap05_O 憑證驗證失敗，改用 curl 備援
[2026-09-06 18:30:04] ✅ 月營收 38 檔（2026-07）
[2026-09-06 18:30:04] ℹ️  https://www.tpex.org.tw/openapi/v1/mopsfin_187ap17_O 憑證驗證失敗，改用 curl 備援
[2026-09-06 18:30:05] ✅ 毛利率 37 檔（2026Q2）
[2026-09-06 18:31:02] ✅ 新聞 36/36 檔有結果
[2026-09-06 18:31:02] === 抓取完成 ===
[2026-09-07 18:30:00] === 開始抓取（41 檔）===
[2026-09-07 18:30:03] ℹ️  https://www.tpex.org.tw/openapi/v1/tpex_mainboard_peratio_analysis 憑證驗證失敗，改用 curl 備援
[2026-09-07 18:30:14] ✅ 估值 38 檔（資料日 2026-09-04）
[2026-09-07 18:30:18] ℹ️  https://www.tpex.org.tw/openapi/v1/mopsfin_t187ap05_O 憑證驗證失敗，改用 curl 備援
[2026-09-07 18:30:23] ✅ 月營收 38 檔（2026-07）
[2026-09-07 18:30:30] ℹ️  https://www.tpex.org.tw/openapi/v1/mopsfin_187ap17_O 憑證驗證失敗，改用 curl 備援
[2026-09-07 18:30:33] ✅ 毛利率 37 檔（2026Q2）
[2026-09-07 18:31:32] ✅ 新聞 36/36 檔有結果
[2026-09-07 18:31:32] === 抓取完成 ===
[2026-09-08 06:15:28] ⚠️ git pull 失敗，仍檢查本機指令：From https://github.com/darcon25/knowledgebase-transfer
 * branch            mai
[2026-09-08 06:25:30] ⚠️ git pull 失敗，仍檢查本機指令：From https://github.com/darcon25/knowledgebase-transfer
 * branch            mai
[2026-09-08 08:03:16] ⚠️ git pull 失敗，仍檢查本機指令：fatal: unable to access 'https://github.com/darcon25/knowledgebase-transfer/': C
[2026-09-08 10:48:18] ⚠️ git pull 失敗，仍檢查本機指令：fatal: unable to access 'https://github.com/darcon25/knowledgebase-transfer/': C
[2026-09-08 13:23:48] ⚠️ git pull 失敗，仍檢查本機指令：fatal: unable to access 'https://github.com/darcon25/knowledgebase-transfer/': C
[2026-09-08 14:32:35] ⚠️ git pull 失敗，仍檢查本機指令：From https://github.com/darcon25/knowledgebase-transfer
 * branch            mai
[2026-09-08 14:37:36] ⚠️ git pull 失敗，仍檢查本機指令：From https://github.com/darcon25/knowledgebase-transfer
 * branch            mai
[2026-09-08 17:28:33] ⚠️ git pull 失敗，仍檢查本機指令：fatal: unable to access 'https://github.com/darcon25/knowledgebase-transfer/': C
[2026-09-08 18:07:55] ⚠️ git pull 失敗，仍檢查本機指令：fatal: unable to access 'https://github.com/darcon25/knowledgebase-transfer/': C
[2026-09-08 18:44:31] === 開始抓取（41 檔）===
[2026-09-08 18:44:39] ℹ️  https://www.tpex.org.tw/openapi/v1/tpex_mainboard_peratio_analysis 憑證驗證失敗，改用 curl 備援
[2026-09-08 18:44:40] ✅ 估值 38 檔（資料日 2026-09-07）
[2026-09-08 18:44:42] ℹ️  https://www.tpex.org.tw/openapi/v1/mopsfin_t187ap05_O 憑證驗證失敗，改用 curl 備援
[2026-09-08 18:44:42] ✅ 月營收 38 檔（2026-07）
[2026-09-08 18:44:43] ℹ️  https://www.tpex.org.tw/openapi/v1/mopsfin_187ap17_O 憑證驗證失敗，改用 curl 備援
[2026-09-08 18:44:43] ✅ 毛利率 37 檔（2026Q2）
[2026-09-08 19:26:00] ⚠️  第 1/3 次失敗：https://news.google.com/rss/search?q=%E5%8F%B0%E8%99%B9%208039&hl=zh-TW&gl=TW&ceid=TW:zh-Hant — HTTPSConnectionPool(host='news.google.com', port=443): Read timed out. (read timeout=30)
[2026-09-08 19:43:34] ✅ 新聞 36/36 檔有結果
[2026-09-08 19:43:34] === 抓取完成 ===
[2026-09-09 08:40:16] ⚠️ git pull 失敗，仍檢查本機指令：fatal: unable to access 'https://github.com/darcon25/knowledgebase-transfer/': C
[2026-09-09 09:09:54] ⚠️ git pull 失敗，仍檢查本機指令：fatal: unable to access 'https://github.com/darcon25/knowledgebase-transfer/': C
[2026-09-09 10:12:37] ⚠️ git pull 失敗，仍檢查本機指令：fatal: unable to access 'https://github.com/darcon25/knowledgebase-transfer/': C
[2026-09-09 12:14:29] ⚠️ git pull 失敗，仍檢查本機指令：fatal: unable to access 'https://github.com/darcon25/knowledgebase-transfer/': S
[2026-09-09 16:04:46] ⚠️ git pull 失敗，仍檢查本機指令：fatal: unable to access 'https://github.com/darcon25/knowledgebase-transfer/': S
[2026-09-09 17:48:19] ⚠️ git pull 失敗，仍檢查本機指令：fatal: unable to access 'https://github.com/darcon25/knowledgebase-transfer/': C
[2026-09-09 18:33:09] === 開始抓取（41 檔）===
[2026-09-09 18:33:21] ℹ️  https://www.tpex.org.tw/openapi/v1/tpex_mainboard_peratio_analysis 憑證驗證失敗，改用 curl 備援
[2026-09-09 18:33:21] ✅ 估值 38 檔（資料日 2026-09-08）
[2026-09-09 18:33:22] ℹ️  https://www.tpex.org.tw/openapi/v1/mopsfin_t187ap05_O 憑證驗證失敗，改用 curl 備援
[2026-09-09 18:33:23] ✅ 月營收 38 檔（2026-07）
[2026-09-09 18:33:24] ℹ️  https://www.tpex.org.tw/openapi/v1/mopsfin_187ap17_O 憑證驗證失敗，改用 curl 備援
[2026-09-09 18:33:24] ✅ 毛利率 37 檔（2026Q2）
[2026-09-09 19:36:06] ⚠️  第 1/3 次失敗：https://news.google.com/rss/search?q=%E5%8F%B0%E9%83%A1%206269&hl=zh-TW&gl=TW&ceid=TW:zh-Hant — ('Connection aborted.', ConnectionResetError(54, 'Connection reset by peer'))
[2026-09-09 19:36:38] ✅ 新聞 36/36 檔有結果
[2026-09-09 19:36:38] === 抓取完成 ===
[2026-09-10 08:13:24] ⚠️ git pull 失敗，仍檢查本機指令：fatal: unable to access 'https://github.com/darcon25/knowledgebase-transfer/': C
[2026-09-10 09:17:41] ⚠️ git pull 失敗，仍檢查本機指令：fatal: unable to access 'https://github.com/darcon25/knowledgebase-transfer/': C
[2026-09-10 09:23:24] ⚠️ git pull 失敗，仍檢查本機指令：fatal: unable to access 'https://github.com/darcon25/knowledgebase-transfer/': C
[2026-09-10 09:46:34] ⚠️ git pull 失敗，仍檢查本機指令：fatal: unable to access 'https://github.com/darcon25/knowledgebase-transfer/': C
[2026-09-10 10:21:38] ⚠️ git pull 失敗，仍檢查本機指令：fatal: unable to access 'https://github.com/darcon25/knowledgebase-transfer/': C
[2026-09-10 11:06:12] ⚠️ git pull 失敗，仍檢查本機指令：fatal: unable to access 'https://github.com/darcon25/knowledgebase-transfer/': C
[2026-09-10 18:36:13] === 開始抓取（41 檔）===
[2026-09-10 18:51:29] ✅ 估值 38 檔（資料日 2026-09-09）
[2026-09-10 19:09:20] ⚠️  第 1/3 次失敗：https://www.tpex.org.tw/openapi/v1/mopsfin_t187ap05_O — HTTPSConnectionPool(host='www.tpex.org.tw', port=443): Max retries exceeded with url: /openapi/v1/mopsfin_t187ap05_O (Caused by NameResolutionError("HTTPSConnection(host='www.tpex.org.tw', port=443): Failed to resolve 'www.tpex.org.tw' ([Errno 8] nodename nor servname provided, or not known)"))
[2026-09-10 19:25:23] ℹ️  https://www.tpex.org.tw/openapi/v1/mopsfin_t187ap05_O 憑證驗證失敗，改用 curl 備援
[2026-09-10 19:25:25] ✅ 月營收 38 檔（2026-07）
[2026-09-10 19:25:31] ℹ️  https://www.tpex.org.tw/openapi/v1/mopsfin_187ap17_O 憑證驗證失敗，改用 curl 備援
[2026-09-10 19:25:32] ✅ 毛利率 37 檔（2026Q2）
[2026-09-10 19:54:18] ⚠️  第 1/3 次失敗：https://news.google.com/rss/search?q=%E7%80%9A%E5%AE%87%E5%8D%9A%205469&hl=zh-TW&gl=TW&ceid=TW:zh-Hant — HTTPSConnectionPool(host='news.google.com', port=443): Max retries exceeded with url: /rss/search?q=%E7%80%9A%E5%AE%87%E5%8D%9A%205469&hl=zh-TW&gl=TW&ceid=TW:zh-Hant (Caused by NameResolutionError("HTTPSConnection(host='news.google.com', port=443): Failed to resolve 'news.google.com' ([Errno 8] nodename nor servname provided, or not known)"))
[2026-09-10 21:11:36] ⚠️  第 1/3 次失敗：https://news.google.com/rss/search?q=%E7%B7%AF%E5%89%B5%203231&hl=zh-TW&gl=TW&ceid=TW:zh-Hant — ("Connection broken: ConnectionResetError(54, 'Connection reset by peer')", ConnectionResetError(54, 'Connection reset by peer'))
[2026-09-10 21:11:50] ✅ 新聞 36/36 檔有結果
[2026-09-10 21:11:50] === 抓取完成 ===
[2026-09-11 13:57:56] ⚠️ git pull 失敗，仍檢查本機指令：fatal: unable to access 'https://github.com/darcon25/knowledgebase-transfer/': R
[2026-09-11 18:35:30] === 開始抓取（41 檔）===
[2026-09-11 18:35:32] ℹ️  https://www.tpex.org.tw/openapi/v1/tpex_mainboard_peratio_analysis 憑證驗證失敗，改用 curl 備援
[2026-09-11 18:35:34] ✅ 估值 38 檔（資料日 2026-09-10）
[2026-09-11 18:35:35] ℹ️  https://www.tpex.org.tw/openapi/v1/mopsfin_t187ap05_O 憑證驗證失敗，改用 curl 備援
[2026-09-11 18:35:36] ✅ 月營收 38 檔（2026-07）
[2026-09-11 18:35:41] ℹ️  https://www.tpex.org.tw/openapi/v1/mopsfin_187ap17_O 憑證驗證失敗，改用 curl 備援
[2026-09-11 18:35:41] ✅ 毛利率 37 檔（2026Q2）
[2026-09-11 19:09:37] ✅ 新聞 36/36 檔有結果
[2026-09-11 19:09:37] === 抓取完成 ===
[2026-09-11 20:44:47] ⚠️ git pull 失敗，仍檢查本機指令：fatal: unable to access 'https://github.com/darcon25/knowledgebase-transfer/': C
[2026-09-11 23:29:22] ⚠️ git pull 失敗，仍檢查本機指令：fatal: unable to access 'https://github.com/darcon25/knowledgebase-transfer/': C
[2026-09-12 02:31:19] ⚠️ git pull 失敗，仍檢查本機指令：fatal: unable to access 'https://github.com/darcon25/knowledgebase-transfer/': C
[2026-09-12 05:03:02] ⚠️ git pull 失敗，仍檢查本機指令：fatal: unable to access 'https://github.com/darcon25/knowledgebase-transfer/': C
[2026-09-12 07:46:38] ⚠️ git pull 失敗，仍檢查本機指令：fatal: unable to access 'https://github.com/darcon25/knowledgebase-transfer/': C
[2026-09-12 10:45:03] ⚠️ git pull 失敗，仍檢查本機指令：fatal: unable to access 'https://github.com/darcon25/knowledgebase-transfer/': C
[2026-09-12 13:27:41] ⚠️ git pull 失敗，仍檢查本機指令：fatal: unable to access 'https://github.com/darcon25/knowledgebase-transfer/': C
[2026-09-12 16:30:43] ⚠️ git pull 失敗，仍檢查本機指令：fatal: unable to access 'https://github.com/darcon25/knowledgebase-transfer/': C
[2026-09-12 18:33:41] === 開始抓取（41 檔）===
[2026-09-12 18:33:41] ⚠️  第 1/3 次失敗：https://openapi.twse.com.tw/v1/exchangeReport/BWIBBU_ALL — HTTPSConnectionPool(host='openapi.twse.com.tw', port=443): Max retries exceeded with url: /v1/exchangeReport/BWIBBU_ALL (Caused by NameResolutionError("HTTPSConnection(host='openapi.twse.com.tw', port=443): Failed to resolve 'openapi.twse.com.tw' ([Errno 8] nodename nor servname provided, or not known)"))
[2026-09-12 18:33:46] ⚠️  第 2/3 次失敗：https://openapi.twse.com.tw/v1/exchangeReport/BWIBBU_ALL — HTTPSConnectionPool(host='openapi.twse.com.tw', port=443): Max retries exceeded with url: /v1/exchangeReport/BWIBBU_ALL (Caused by NameResolutionError("HTTPSConnection(host='openapi.twse.com.tw', port=443): Failed to resolve 'openapi.twse.com.tw' ([Errno 8] nodename nor servname provided, or not known)"))
[2026-09-12 18:33:51] ⚠️  第 3/3 次失敗：https://openapi.twse.com.tw/v1/exchangeReport/BWIBBU_ALL — HTTPSConnectionPool(host='openapi.twse.com.tw', port=443): Max retries exceeded with url: /v1/exchangeReport/BWIBBU_ALL (Caused by NameResolutionError("HTTPSConnection(host='openapi.twse.com.tw', port=443): Failed to resolve 'openapi.twse.com.tw' ([Errno 8] nodename nor servname provided, or not known)"))
[2026-09-12 18:33:51] ❌ 抓取中止：https://openapi.twse.com.tw/v1/exchangeReport/BWIBBU_ALL 重試 3 次仍失敗：HTTPSConnectionPool(host='openapi.twse.com.tw', port=443): Max retries exceeded with url: /v1/exchangeReport/BWIBBU_ALL (Caused by NameResolutionError("HTTPSConnection(host='openapi.twse.com.tw', port=443): Failed to resolve 'openapi.twse.com.tw' ([Errno 8] nodename nor servname provided, or not known)"))
[2026-09-12 19:16:42] ⚠️ git pull 失敗，仍檢查本機指令：fatal: unable to access 'https://github.com/darcon25/knowledgebase-transfer/': C
[2026-09-12 22:20:16] ⚠️ git pull 失敗，仍檢查本機指令：fatal: unable to access 'https://github.com/darcon25/knowledgebase-transfer/': C
[2026-09-13 00:57:24] ⚠️ git pull 失敗，仍檢查本機指令：fatal: unable to access 'https://github.com/darcon25/knowledgebase-transfer/': C
[2026-09-13 03:46:02] ⚠️ git pull 失敗，仍檢查本機指令：fatal: unable to access 'https://github.com/darcon25/knowledgebase-transfer/': C
[2026-09-13 06:36:30] ⚠️ git pull 失敗，仍檢查本機指令：fatal: unable to access 'https://github.com/darcon25/knowledgebase-transfer/': C
